Archive member included to satisfy reference by file (symbol)

C:/ST/STM32CubeIDE_1.14.1/STM32CubeIDE/plugins/com.st.stm32cube.ide.mcu.externaltools.gnu-tools-for-stm32.11.3.rel1.win32_1.1.100.202309141235/tools/bin/../lib/gcc/arm-none-eabi/11.3.1/../../../../arm-none-eabi/lib/thumb/v7e-m/nofp\libc_nano.a(libc_a-exit.o)
                              C:/ST/STM32CubeIDE_1.14.1/STM32CubeIDE/plugins/com.st.stm32cube.ide.mcu.externaltools.gnu-tools-for-stm32.11.3.rel1.win32_1.1.100.202309141235/tools/bin/../lib/gcc/arm-none-eabi/11.3.1/../../../../arm-none-eabi/lib/thumb/v7e-m/nofp/crt0.o (exit)
C:/ST/STM32CubeIDE_1.14.1/STM32CubeIDE/plugins/com.st.stm32cube.ide.mcu.externaltools.gnu-tools-for-stm32.11.3.rel1.win32_1.1.100.202309141235/tools/bin/../lib/gcc/arm-none-eabi/11.3.1/../../../../arm-none-eabi/lib/thumb/v7e-m/nofp\libc_nano.a(libc_a-findfp.o)
                              C:/ST/STM32CubeIDE_1.14.1/STM32CubeIDE/plugins/com.st.stm32cube.ide.mcu.externaltools.gnu-tools-for-stm32.11.3.rel1.win32_1.1.100.202309141235/tools/bin/../lib/gcc/arm-none-eabi/11.3.1/../../../../arm-none-eabi/lib/thumb/v7e-m/nofp\libc_nano.a(libc_a-exit.o) (__stdio_exit_handler)
C:/ST/STM32CubeIDE_1.14.1/STM32CubeIDE/plugins/com.st.stm32cube.ide.mcu.externaltools.gnu-tools-for-stm32.11.3.rel1.win32_1.1.100.202309141235/tools/bin/../lib/gcc/arm-none-eabi/11.3.1/../../../../arm-none-eabi/lib/thumb/v7e-m/nofp\libc_nano.a(libc_a-fwalk.o)
                              C:/ST/STM32CubeIDE_1.14.1/STM32CubeIDE/plugins/com.st.stm32cube.ide.mcu.externaltools.gnu-tools-for-stm32.11.3.rel1.win32_1.1.100.202309141235/tools/bin/../lib/gcc/arm-none-eabi/11.3.1/../../../../arm-none-eabi/lib/thumb/v7e-m/nofp\libc_nano.a(libc_a-findfp.o) (_fwalk_sglue)
C:/ST/STM32CubeIDE_1.14.1/STM32CubeIDE/plugins/com.st.stm32cube.ide.mcu.externaltools.gnu-tools-for-stm32.11.3.rel1.win32_1.1.100.202309141235/tools/bin/../lib/gcc/arm-none-eabi/11.3.1/../../../../arm-none-eabi/lib/thumb/v7e-m/nofp\libc_nano.a(libc_a-stdio.o)
                              C:/ST/STM32CubeIDE_1.14.1/STM32CubeIDE/plugins/com.st.stm32cube.ide.mcu.externaltools.gnu-tools-for-stm32.11.3.rel1.win32_1.1.100.202309141235/tools/bin/../lib/gcc/arm-none-eabi/11.3.1/../../../../arm-none-eabi/lib/thumb/v7e-m/nofp\libc_nano.a(libc_a-findfp.o) (__sread)
C:/ST/STM32CubeIDE_1.14.1/STM32CubeIDE/plugins/com.st.stm32cube.ide.mcu.externaltools.gnu-tools-for-stm32.11.3.rel1.win32_1.1.100.202309141235/tools/bin/../lib/gcc/arm-none-eabi/11.3.1/../../../../arm-none-eabi/lib/thumb/v7e-m/nofp\libc_nano.a(libc_a-memset.o)
                              C:/ST/STM32CubeIDE_1.14.1/STM32CubeIDE/plugins/com.st.stm32cube.ide.mcu.externaltools.gnu-tools-for-stm32.11.3.rel1.win32_1.1.100.202309141235/tools/bin/../lib/gcc/arm-none-eabi/11.3.1/../../../../arm-none-eabi/lib/thumb/v7e-m/nofp/crt0.o (memset)
C:/ST/STM32CubeIDE_1.14.1/STM32CubeIDE/plugins/com.st.stm32cube.ide.mcu.externaltools.gnu-tools-for-stm32.11.3.rel1.win32_1.1.100.202309141235/tools/bin/../lib/gcc/arm-none-eabi/11.3.1/../../../../arm-none-eabi/lib/thumb/v7e-m/nofp\libc_nano.a(libc_a-closer.o)
                              C:/ST/STM32CubeIDE_1.14.1/STM32CubeIDE/plugins/com.st.stm32cube.ide.mcu.externaltools.gnu-tools-for-stm32.11.3.rel1.win32_1.1.100.202309141235/tools/bin/../lib/gcc/arm-none-eabi/11.3.1/../../../../arm-none-eabi/lib/thumb/v7e-m/nofp\libc_nano.a(libc_a-stdio.o) (_close_r)
C:/ST/STM32CubeIDE_1.14.1/STM32CubeIDE/plugins/com.st.stm32cube.ide.mcu.externaltools.gnu-tools-for-stm32.11.3.rel1.win32_1.1.100.202309141235/tools/bin/../lib/gcc/arm-none-eabi/11.3.1/../../../../arm-none-eabi/lib/thumb/v7e-m/nofp\libc_nano.a(libc_a-reent.o)
                              C:/ST/STM32CubeIDE_1.14.1/STM32CubeIDE/plugins/com.st.stm32cube.ide.mcu.externaltools.gnu-tools-for-stm32.11.3.rel1.win32_1.1.100.202309141235/tools/bin/../lib/gcc/arm-none-eabi/11.3.1/../../../../arm-none-eabi/lib/thumb/v7e-m/nofp\libc_nano.a(libc_a-closer.o) (errno)
C:/ST/STM32CubeIDE_1.14.1/STM32CubeIDE/plugins/com.st.stm32cube.ide.mcu.externaltools.gnu-tools-for-stm32.11.3.rel1.win32_1.1.100.202309141235/tools/bin/../lib/gcc/arm-none-eabi/11.3.1/../../../../arm-none-eabi/lib/thumb/v7e-m/nofp\libc_nano.a(libc_a-impure.o)
                              C:/ST/STM32CubeIDE_1.14.1/STM32CubeIDE/plugins/com.st.stm32cube.ide.mcu.externaltools.gnu-tools-for-stm32.11.3.rel1.win32_1.1.100.202309141235/tools/bin/../lib/gcc/arm-none-eabi/11.3.1/../../../../arm-none-eabi/lib/thumb/v7e-m/nofp\libc_nano.a(libc_a-reent.o) (_impure_ptr)
C:/ST/STM32CubeIDE_1.14.1/STM32CubeIDE/plugins/com.st.stm32cube.ide.mcu.externaltools.gnu-tools-for-stm32.11.3.rel1.win32_1.1.100.202309141235/tools/bin/../lib/gcc/arm-none-eabi/11.3.1/../../../../arm-none-eabi/lib/thumb/v7e-m/nofp\libc_nano.a(libc_a-lseekr.o)
[...]
Memory Configuration

Name             Origin             Length             Attributes
CCMRAM           0x0000000010000000 0x0000000000010000 xrw
RAM              0x0000000020000000 0x0000000000020000 xrw
FLASH            0x0000000008000000 0x0000000000100000 xr
*default*        0x0000000000000000 0xffffffffffffffff

Linker script and memory map

LOAD C:/ST/STM32CubeIDE_1.14.1/STM32CubeIDE/plugins/com.st.stm32cube.ide.mcu.externaltools.gnu-tools-for-stm32.11.3.rel1.win32_1.1.100.202309141235/tools/bin/../lib/gcc/arm-none-eabi/11.3.1/thumb/v7e-m/nofp/crti.o
LOAD C:/ST/STM32CubeIDE_1.14.1/STM32CubeIDE/plugins/com.st.stm32cube.ide.mcu.externaltools.gnu-tools-for-stm32.11.3.rel1.win32_1.1.100.202309141235/tools/bin/../lib/gcc/arm-none-eabi/11.3.1/thumb/v7e-m/nofp/crtbegin.o
LOAD C:/ST/STM32CubeIDE_1.14.1/STM32CubeIDE/plugins/com.st.stm32cube.ide.mcu.externaltools.gnu-tools-for-stm32.11.3.rel1.win32_1.1.100.202309141235/tools/bin/../lib/gcc/arm-none-eabi/11.3.1/../../../../arm-none-eabi/lib/thumb/v7e-m/nofp/crt0.o
LOAD ./Src/main.o
LOAD ./Src/stm32f407xx_gpio_drvier.o
LOAD ./Src/stm32f407xx_rcc_driver.o
LOAD ./Src/stm32f407xx_usart_driver.o
LOAD ./Src/syscalls.o
LOAD ./Src/sysmem.o
LOAD ./Startup/startup_stm32f407vgtx.o
START GROUP
LOAD C:/ST/STM32CubeIDE_1.14.1/STM32CubeIDE/plugins/com.st.stm32cube.ide.mcu.externaltools.gnu-tools-for-stm32.11.3.rel1.win32_1.1.100.202309141235/tools/bin/../lib/gcc/arm-none-eabi/11.3.1/../../../../arm-none-eabi/lib/thumb/v7e-m/nofp\libc_nano.a
LOAD C:/ST/STM32CubeIDE_1.14.1/STM32CubeIDE/plugins/com.st.stm32cube.ide.mcu.externaltools.gnu-tools-for-stm32.11.3.rel1.win32_1.1.100.202309141235/tools/bin/../lib/gcc/arm-none-eabi/11.3.1/../../../../arm-none-eabi/lib/thumb/v7e-m/nofp\libm.a
END GROUP
START GROUP
LOAD C:/ST/STM32CubeIDE_1.14.1/STM32CubeIDE/plugins/com.st.stm32cube.ide.mcu.externaltools.gnu-tools-for-stm32.11.3.rel1.win32_1.1.100.202309141235/tools/bin/../lib/gcc/arm-none-eabi/11.3.1/thumb/v7e-m/nofp\libgcc.a
LOAD C:/ST/STM32CubeIDE_1.14.1/STM32CubeIDE/plugins/com.st.stm32cube.ide.mcu.externaltools.gnu-tools-for-stm32.11.3.rel1.win32_1.1.100.202309141235/tools/bin/../lib/gcc/arm-none-eabi/11.3.1/../../../../arm-none-eabi/lib/thumb/v7e-m/nofp\libc_nano.a
END GROUP
START GROUP
LOAD C:/ST/STM32CubeIDE_1.14.1/STM32CubeIDE/plugins/com.st.stm32cube.ide.mcu.externaltools.gnu-tools-for-stm32.11.3.rel1.win32_1.1.100.202309141235/tools/bin/../lib/gcc/arm-none-eabi/11.3.1/thumb/v7e-m/nofp\libgcc.a
LOAD C:/ST/STM32CubeIDE_1.14.1/STM32CubeIDE/plugins/com.st.stm32cube.ide.mcu.externaltools.gnu-tools-for-stm32.11.3.rel1.win32_1.1.100.202309141235/tools/bin/../lib/gcc/arm-none-eabi/11.3.1/../../../../arm-none-eabi/lib/thumb/v7e-m/nofp\libc_nano.a
LOAD C:/ST/STM32CubeIDE_1.14.1/STM32CubeIDE/plugins/com.st.stm32cube.ide.mcu.externaltools.gnu-tools-for-stm32.11.3.rel1.win32_1.1.100.202309141235/tools/bin/../lib/gcc/arm-none-eabi/11.3.1/../../../../arm-none-eabi/lib/thumb/v7e-m/nofp\libnosys.a
END GROUP
START GROUP
LOAD C:/ST/STM32CubeIDE_1.14.1/STM32CubeIDE/plugins/com.st.stm32cube.ide.mcu.externaltools.gnu-tools-for-stm32.11.3.rel1.win32_1.1.100.202309141235/tools/bin/../lib/gcc/arm-none-eabi/11.3.1/thumb/v7e-m/nofp\libgcc.a
LOAD C:/ST/STM32CubeIDE_1.14.1/STM32CubeIDE/plugins/com.st.stm32cube.ide.mcu.externaltools.gnu-tools-for-stm32.11.3.rel1.win32_1.1.100.202309141235/tools/bin/../lib/gcc/arm-none-eabi/11.3.1/../../../../arm-none-eabi/lib/thumb/v7e-m/nofp\libc_nano.a
LOAD C:/ST/STM32CubeIDE_1.14.1/STM32CubeIDE/plugins/com.st.stm32cube.ide.mcu.externaltools.gnu-tools-for-stm32.11.3.rel1.win32_1.1.100.202309141235/tools/bin/../lib/gcc/arm-none-eabi/11.3.1/../../../../arm-none-eabi/lib/thumb/v7e-m/nofp\libnosys.a
END GROUP
LOAD C:/ST/STM32CubeIDE_1.14.1/STM32CubeIDE/plugins/com.st.stm32cube.ide.mcu.externaltools.gnu-tools-for-stm32.11.3.rel1.win32_1.1.100.202309141235/tools/bin/../lib/gcc/arm-none-eabi/11.3.1/thumb/v7e-m/nofp/crtend.o
LOAD C:/ST/STM32CubeIDE_1.14.1/STM32CubeIDE/plugins/com.st.stm32cube.ide.mcu.externaltools.gnu-tools-for-stm32.11.3.rel1.win32_1.1.100.202309141235/tools/bin/../lib/gcc/arm-none-eabi/11.3.1/thumb/v7e-m/nofp/crtn.o
                0x0000000020020000                _estack = (ORIGIN (RAM) + LENGTH (RAM))
                0x0000000000000200                _Min_Heap_Size = 0x200
                0x0000000000000400                _Min_Stack_Size = 0x400

.isr_vector     0x0000000008000000      0x188
                0x0000000008000000                . = ALIGN (0x4)
 *(.isr_vector)
 .isr_vector    0x0000000008000000      0x188 ./Startup/startup_stm32f407vgtx.o
                0x0000000008000000                g_pfnVectors
                0x0000000008000188                . = ALIGN (0x4)

.text           0x0000000008000188     0x1088
                0x0000000008000188                . = ALIGN (0x4)
 *(.text)
 .text          0x0000000008000188       0x40 C:/ST/STM32CubeIDE_1.14.1/STM32CubeIDE/plugins/com.st.stm32cube.ide.mcu.externaltools.gnu-tools-for-stm32.11.3.rel1.win32_1.1.100.202309141235/tools/bin/../lib/gcc/arm-none-eabi/11.3.1/thumb/v7e-m/nofp/crtbegin.o
 *(.text*)
 .text.GPIO_LEDInit
                0x00000000080001c8       0x3c ./Src/main.o
                0x00000000080001c8                GPIO_LEDInit
 .text.USART2_GPIOInit
                0x0000000008000204       0x44 ./Src/main.o
                0x0000000008000204                USART2_GPIOInit
 .text.USART2_Init
                0x0000000008000248       0x44 ./Src/main.o
                0x0000000008000248                USART2_Init
 .text.delay    0x000000000800028c       0x2c ./Src/main.o
                0x000000000800028c                delay
 .text.main     0x00000000080002b8       0x48 ./Src/main.o
                0x00000000080002b8                main
 .text.USART2_IRQHandler
                0x0000000008000300       0xa4 ./Src/main.o
                0x0000000008000300                USART2_IRQHandler
 .text.USART_ApplicationEventCallback
                0x00000000080003a4       0x28 ./Src/main.o
                0x00000000080003a4                USART_ApplicationEventCallback
 .text.GPIO_PeriClockControl
                0x00000000080003cc      0x108 ./Src/stm32f407xx_gpio_drvier.o
                0x00000000080003cc                GPIO_PeriClockControl
 .text.GPIO_Init
                0x00000000080004d4      0x338 ./Src/stm32f407xx_gpio_drvier.o
                0x00000000080004d4                GPIO_Init
 .text.GPIO_WriteToOutputPin
                0x000000000800080c       0x48 ./Src/stm32f407xx_gpio_drvier.o
                0x000000000800080c                GPIO_WriteToOutputPin
 .text.RCC_GetPCLK1Value
                0x0000000008000854       0xb0 ./Src/stm32f407xx_rcc_driver.o
                0x0000000008000854                RCC_GetPCLK1Value
 .text.RCC_GetPCLK2Value
                0x0000000008000904       0xa0 ./Src/stm32f407xx_rcc_driver.o
                0x0000000008000904                RCC_GetPCLK2Value
 .text.RCC_GetPLLOutputClock
                0x00000000080009a4        0xe ./Src/stm32f407xx_rcc_driver.o
                0x00000000080009a4                RCC_GetPLLOutputClock
 .text.USART_Init
                0x00000000080009b2      0x106 ./Src/stm32f407xx_usart_driver.o
                0x00000000080009b2                USART_Init
 .text.USART_ReceiveDataIT
                0x0000000008000ab8       0x50 ./Src/stm32f407xx_usart_driver.o
                0x0000000008000ab8                USART_ReceiveDataIT
 .text.USART_SetBaudRate
                0x0000000008000b08       0xe4 ./Src/stm32f407xx_usart_driver.o
                0x0000000008000b08                USART_SetBaudRate
 .text.USART_PeripheralControl
                0x0000000008000bec       0x36 ./Src/stm32f407xx_usart_driver.o
                0x0000000008000bec                USART_PeripheralControl
 *fill*         0x0000000008000c22        0x2 
 .text.USART_PeriClockControl
                0x0000000008000c24       0x88 ./Src/stm32f407xx_usart_driver.o
                0x0000000008000c24                USART_PeriClockControl
 .text.USART_IRQInterruptConfig
                0x0000000008000cac      0x108 ./Src/stm32f407xx_usart_driver.o
                0x0000000008000cac                USART_IRQInterruptConfig
 .text.USART_IRQPriorityConfig
                0x0000000008000db4       0x52 ./Src/stm32f407xx_usart_driver.o
                0x0000000008000db4                USART_IRQPriorityConfig
 .text.USART_IRQHandling
                0x0000000008000e06      0x344 ./Src/stm32f407xx_usart_driver.o
                0x0000000008000e06                USART_IRQHandling
 *fill*         0x000000000800114a        0x2 
 .text.Reset_Handler
                0x000000000800114c       0x50 ./Startup/startup_stm32f407vgtx.o
                0x000000000800114c                Reset_Handler
 .text.Default_Handler
                0x000000000800119c        0x2 ./Startup/startup_stm32f407vgtx.o
                0x000000000800119c                RTC_Alarm_IRQHandler
                0x000000000800119c                HASH_RNG_IRQHandler
                0x000000000800119c                EXTI2_IRQHandler
                0x000000000800119c                TIM8_CC_IRQHandler
                0x000000000800119c                DebugMon_Handler
                0x000000000800119c                TIM1_CC_IRQHandler
                0x000000000800119c                DMA2_Stream5_IRQHandler
                0x000000000800119c                HardFault_Handler
                0x000000000800119c                DMA1_Stream5_IRQHandler
                0x000000000800119c                SysTick_Handler
                0x000000000800119c                PVD_IRQHandler
                0x000000000800119c                SDIO_IRQHandler
                0x000000000800119c                TAMP_STAMP_IRQHandler
                0x000000000800119c                PendSV_Handler
                0x000000000800119c                NMI_Handler
                0x000000000800119c                CAN2_RX1_IRQHandler
                0x000000000800119c                EXTI3_IRQHandler
                0x000000000800119c                TIM8_TRG_COM_TIM14_IRQHandler
                0x000000000800119c                TIM1_UP_TIM10_IRQHandler
                0x000000000800119c                TIM8_UP_TIM13_IRQHandler
                0x000000000800119c                I2C3_ER_IRQHandler
                0x000000000800119c                EXTI0_IRQHandler
                0x000000000800119c                I2C2_EV_IRQHandler
                0x000000000800119c                DMA1_Stream2_IRQHandler
                0x000000000800119c                CAN1_RX0_IRQHandler
                0x000000000800119c                FPU_IRQHandler
                0x000000000800119c                OTG_HS_WKUP_IRQHandler
                0x000000000800119c                UsageFault_Handler
                0x000000000800119c                CAN2_SCE_IRQHandler
                0x000000000800119c                DMA2_Stream2_IRQHandler
                0x000000000800119c                SPI1_IRQHandler
                0x000000000800119c                TIM6_DAC_IRQHandler
                0x000000000800119c                TIM1_BRK_TIM9_IRQHandler
                0x000000000800119c                DCMI_IRQHandler
                0x000000000800119c                CAN2_RX0_IRQHandler
                0x000000000800119c                DMA2_Stream3_IRQHandler
                0x000000000800119c                USART6_IRQHandler
                0x000000000800119c                USART3_IRQHandler
                0x000000000800119c                CRYP_IRQHandler
                0x000000000800119c                CAN1_RX1_IRQHandler
                0x000000000800119c                UART5_IRQHandler
                0x000000000800119c                DMA2_Stream0_IRQHandler
                0x000000000800119c                TIM4_IRQHandler
                0x000000000800119c                I2C1_EV_IRQHandler
                0x000000000800119c                DMA1_Stream6_IRQHandler
                0x000000000800119c                DMA1_Stream1_IRQHandler
                0x000000000800119c                UART4_IRQHandler
                0x000000000800119c                TIM3_IRQHandler
                0x000000000800119c                RCC_IRQHandler
                0x000000000800119c                TIM8_BRK_TIM12_IRQHandler
                0x000000000800119c                Default_Handler
                0x000000000800119c                EXTI15_10_IRQHandler
                0x000000000800119c                ADC_IRQHandler
                0x000000000800119c                DMA1_Stream7_IRQHandler
                0x000000000800119c                TIM7_IRQHandler
                0x000000000800119c                CAN2_TX_IRQHandler
                0x000000000800119c                TIM5_IRQHandler
                0x000000000800119c                DMA2_Stream7_IRQHandler
                0x000000000800119c                I2C3_EV_IRQHandler
                0x000000000800119c                EXTI9_5_IRQHandler
                0x000000000800119c                RTC_WKUP_IRQHandler
                0x000000000800119c                ETH_WKUP_IRQHandler
                0x000000000800119c                SPI2_IRQHandler
                0x000000000800119c                OTG_HS_EP1_IN_IRQHandler
                0x000000000800119c                MemManage_Handler
                0x000000000800119c                DMA1_Stream0_IRQHandler
                0x000000000800119c                CAN1_TX_IRQHandler
                0x000000000800119c                SVC_Handler
                0x000000000800119c                EXTI4_IRQHandler
                0x000000000800119c                FSMC_IRQHandler
                0x000000000800119c                ETH_IRQHandler
                0x000000000800119c                OTG_HS_EP1_OUT_IRQHandler
                0x000000000800119c                WWDG_IRQHandler
                0x000000000800119c                TIM2_IRQHandler
                0x000000000800119c                OTG_FS_WKUP_IRQHandler
                0x000000000800119c                TIM1_TRG_COM_TIM11_IRQHandler
                0x000000000800119c                OTG_HS_IRQHandler
                0x000000000800119c                EXTI1_IRQHandler
                0x000000000800119c                I2C2_ER_IRQHandler
                0x000000000800119c                DMA2_Stream1_IRQHandler
                0x000000000800119c                CAN1_SCE_IRQHandler
                0x000000000800119c                DMA2_Stream4_IRQHandler
                0x000000000800119c                BusFault_Handler
                0x000000000800119c                USART1_IRQHandler
                0x000000000800119c                OTG_FS_IRQHandler
                0x000000000800119c                SPI3_IRQHandler
                0x000000000800119c                DMA1_Stream4_IRQHandler
                0x000000000800119c                I2C1_ER_IRQHandler
                0x000000000800119c                DMA2_Stream6_IRQHandler
                0x000000000800119c                DMA1_Stream3_IRQHandler
 .text.memset   0x000000000800119e       0x10 C:/ST/STM32CubeIDE_1.14.1/STM32CubeIDE/plugins/com.st.stm32cube.ide.mcu.externaltools.gnu-tools-for-stm32.11.3.rel1.win32_1.1.100.202309141235/tools/bin/../lib/gcc/arm-none-eabi/11.3.1/../../../../arm-none-eabi/lib/thumb/v7e-m/nofp\libc_nano.a(libc_a-memset.o)
                0x000000000800119e                memset
 *fill*         0x00000000080011ae        0x2 
 .text.__libc_init_array
                0x00000000080011b0       0x48 C:/ST/STM32CubeIDE_1.14.1/STM32CubeIDE/plugins/com.st.stm32cube.ide.mcu.externaltools.gnu-tools-for-stm32.11.3.rel1.win32_1.1.100.202309141235/tools/bin/../lib/gcc/arm-none-eabi/11.3.1/../../../../arm-none-eabi/lib/thumb/v7e-m/nofp\libc_nano.a(libc_a-init.o)
                0x00000000080011b0                __libc_init_array
 *(.glue_7)
 .glue_7        0x00000000080011f8        0x0 linker stubs
 *(.glue_7t)
 .glue_7t       0x00000000080011f8        0x0 linker stubs
 *(.eh_frame)
 .eh_frame      0x00000000080011f8        0x0 C:/ST/STM32CubeIDE_1.14.1/STM32CubeIDE/plugins/com.st.stm32cube.ide.mcu.externaltools.gnu-tools-for-stm32.11.3.rel1.win32_1.1.100.202309141235/tools/bin/../lib/gcc/arm-none-eabi/11.3.1/thumb/v7e-m/nofp/crtbegin.o
 *(.init)
 .init          0x00000000080011f8        0x4 C:/ST/STM32CubeIDE_1.14.1/STM32CubeIDE/plugins/com.st.stm32cube.ide.mcu.externaltools.gnu-tools-for-stm32.11.3.rel1.win32_1.1.100.202309141235/tools/bin/../lib/gcc/arm-none-eabi/11.3.1/thumb/v7e-m/nofp/crti.o
                0x00000000080011f8                _init
 .init          0x00000000080011fc        0x8 C:/ST/STM32CubeIDE_1.14.1/STM32CubeIDE/plugins/com.st.stm32cube.ide.mcu.externaltools.gnu-tools-for-stm32.11.3.rel1.win32_1.1.100.202309141235/tools/bin/../lib/gcc/arm-none-eabi/11.3.1/thumb/v7e-m/nofp/crtn.o
 *(.fini)
 .fini          0x0000000008001204        0x4 C:/ST/STM32CubeIDE_1.14.1/STM32CubeIDE/plugins/com.st.stm32cube.ide.mcu.externaltools.gnu-tools-for-stm32.11.3.rel1.win32_1.1.100.202309141235/tools/bin/../lib/gcc/arm-none-eabi/11.3.1/thumb/v7e-m/nofp/crti.o
                0x0000000008001204                _fini
 .fini          0x0000000008001208        0x8 C:/ST/STM32CubeIDE_1.14.1/STM32CubeIDE/plugins/com.st.stm32cube.ide.mcu.externaltools.gnu-tools-for-stm32.11.3.rel1.win32_1.1.100.202309141235/tools/bin/../lib/gcc/arm-none-eabi/11.3.1/thumb/v7e-m/nofp/crtn.o
                0x0000000008001210                . = ALIGN (0x4)
                0x0000000008001210                _etext = .

.vfp11_veneer   0x0000000008001210        0x0
 .vfp11_veneer  0x0000000008001210        0x0 linker stubs

.v4_bx          0x0000000008001210        0x0
 .v4_bx         0x0000000008001210        0x0 linker stubs

.iplt           0x0000000008001210        0x0
 .iplt          0x0000000008001210        0x0 C:/ST/STM32CubeIDE_1.14.1/STM32CubeIDE/plugins/com.st.stm32cube.ide.mcu.externaltools.gnu-tools-for-stm32.11.3.rel1.win32_1.1.100.202309141235/tools/bin/../lib/gcc/arm-none-eabi/11.3.1/thumb/v7e-m/nofp/crtbegin.o

.rel.dyn        0x0000000008001210        0x0
 .rel.iplt      0x0000000008001210        0x0 C:/ST/STM32CubeIDE_1.14.1/STM32CubeIDE/plugins/com.st.stm32cube.ide.mcu.externaltools.gnu-tools-for-stm32.11.3.rel1.win32_1.1.100.202309141235/tools/bin/../lib/gcc/arm-none-eabi/11.3.1/thumb/v7e-m/nofp/crtbegin.o

.rodata         0x0000000008001210        0x0
                0x0000000008001210                . = ALIGN (0x4)
 *(.rodata)
 *(.rodata*)
                0x0000000008001210                . = ALIGN (0x4)

.ARM.extab      0x0000000008001210        0x0
                0x0000000008001210                . = ALIGN (0x4)
 *(.ARM.extab* .gnu.linkonce.armextab.*)
                0x0000000008001210                . = ALIGN (0x4)

.ARM            0x0000000008001210        0x0
                0x0000000008001210                . = ALIGN (0x4)
                0x0000000008001210                __exidx_start = .
 *(.ARM.exidx*)
                0x0000000008001210                __exidx_end = .
                0x0000000008001210                . = ALIGN (0x4)

.preinit_array  0x0000000008001210        0x0
                0x0000000008001210                . = ALIGN (0x4)
                0x0000000008001210                PROVIDE (__preinit_array_start = .)
 *(.preinit_array*)
                0x0000000008001210                PROVIDE (__preinit_array_end = .)
                0x0000000008001210                . = ALIGN (0x4)

.init_array     0x0000000008001210        0x4
                0x0000000008001210                . = ALIGN (0x4)
                0x0000000008001210                PROVIDE (__init_array_start = .)
 *(SORT_BY_NAME(.init_array.*))
 *(.init_array*)
 .init_array    0x0000000008001210        0x4 C:/ST/STM32CubeIDE_1.14.1/STM32CubeIDE/plugins/com.st.stm32cube.ide.mcu.externaltools.gnu-tools-for-stm32.11.3.rel1.win32_1.1.100.202309141235/tools/bin/../lib/gcc/arm-none-eabi/11.3.1/thumb/v7e-m/nofp/crtbegin.o
                0x0000000008001214                PROVIDE (__init_array_end = .)
                0x0000000008001214                . = ALIGN (0x4)

.fini_array     0x0000000008001214        0x4
                0x0000000008001214                . = ALIGN (0x4)
                [!provide]                        PROVIDE (__fini_array_start = .)
 *(SORT_BY_NAME(.fini_array.*))
 *(.fini_array*)
 .fini_array    0x0000000008001214        0x4 C:/ST/STM32CubeIDE_1.14.1/STM32CubeIDE/plugins/com.st.stm32cube.ide.mcu.externaltools.gnu-tools-for-stm32.11.3.rel1.win32_1.1.100.202309141235/tools/bin/../lib/gcc/arm-none-eabi/11.3.1/thumb/v7e-m/nofp/crtbegin.o
                [!provide]                        PROVIDE (__fini_array_end = .)
                0x0000000008001218                . = ALIGN (0x4)
                0x0000000008001218                _sidata = LOADADDR (.data)

.data           0x0000000020000000       0x14 load address 0x0000000008001218
                0x0000000020000000                . = ALIGN (0x4)
                0x0000000020000000                _sdata = .
 *(.data)
 *(.data*)
 .data.AHB_PreScaler
                0x0000000020000000       0x10 ./Src/stm32f407xx_rcc_driver.o
                0x0000000020000000                AHB_PreScaler
 .data.APB1_PreScaler
                0x0000000020000010        0x4 ./Src/stm32f407xx_rcc_driver.o
                0x0000000020000010                APB1_PreScaler
 *(.RamFunc)
 *(.RamFunc*)
                0x0000000020000014                . = ALIGN (0x4)
                0x0000000020000014                _edata = .
                0x000000000800122c                _siccmram = LOADADDR (.ccmram)

.igot.plt       0x0000000020000014        0x0 load address 0x000000000800122c
 .igot.plt      0x0000000020000014        0x0 C:/ST/STM32CubeIDE_1.14.1/STM32CubeIDE/plugins/com.st.stm32cube.ide.mcu.externaltools.gnu-tools-for-stm32.11.3.rel1.win32_1.1.100.202309141235/tools/bin/../lib/gcc/arm-none-eabi/11.3.1/thumb/v7e-m/nofp/crtbegin.o

.ccmram         0x0000000010000000        0x0 load address 0x000000000800122c
                0x0000000010000000                . = ALIGN (0x4)
                0x0000000010000000                _sccmram = .
 *(.ccmram)
 *(.ccmram*)
                0x0000000010000000                . = ALIGN (0x4)
                0x0000000010000000                _eccmram = .
                0x0000000010000000                . = ALIGN (0x4)

.bss            0x0000000020000014      0x444
                0x0000000020000014                _sbss = .
                0x0000000020000014                __bss_start__ = _sbss
 *(.bss)
 .bss           0x0000000020000014       0x1c C:/ST/STM32CubeIDE_1.14.1/STM32CubeIDE/plugins/com.st.stm32cube.ide.mcu.externaltools.gnu-tools-for-stm32.11.3.rel1.win32_1.1.100.202309141235/tools/bin/../lib/gcc/arm-none-eabi/11.3.1/thumb/v7e-m/nofp/crtbegin.o
 *(.bss*)
 .bss.usart2_handle
                0x0000000020000030       0x24 ./Src/main.o
                0x0000000020000030                usart2_handle
 .bss.rx_buff   0x0000000020000054      0x400 ./Src/main.o
                0x0000000020000054                rx_buff
 .bss.rxCmplt   0x0000000020000454        0x1 ./Src/main.o
                0x0000000020000454                rxCmplt
 *(COMMON)
                0x0000000020000458                . = ALIGN (0x4)
 *fill*         0x0000000020000455        0x3 
                0x0000000020000458                _ebss = .
                0x0000000020000458                __bss_end__ = _ebss

._user_heap_stack
                0x0000000020000458      0x600
                0x0000000020000458                . = ALIGN (0x8)
                [!provide]                        PROVIDE (end = .)
                0x0000000020000458                PROVIDE (_end = .)
                0x0000000020000658                . = (. + _Min_Heap_Size)
 *fill*         0x0000000020000458      0x200 
                0x0000000020000a58                . = (. + _Min_Stack_Size)
 *fill*         0x0000000020000658      0x400 
                0x0000000020000a58                . = ALIGN (0x8)

/DISCARD/
 libc.a(*)
 libm.a(*)
 libgcc.a(*)

.ARM.attributes
                0x0000000000000000       0x2a
 *(.ARM.attributes)
 .ARM.attributes
                0x0000000000000000       0x1e C:/ST/STM32CubeIDE_1.14.1/STM32CubeIDE/plugins/com.st.stm32cube.ide.mcu.externaltools.gnu-tools-for-stm32.11.3.rel1.win32_1.1.100.202309141235/tools/bin/../lib/gcc/arm-none-eabi/11.3.1/thumb/v7e-m/nofp/crti.o
 .ARM.attributes
                0x000000000000001e       0x2e C:/ST/STM32CubeIDE_1.14.1/STM32CubeIDE/plugins/com.st.stm32cube.ide.mcu.externaltools.gnu-tools-for-stm32.11.3.rel1.win32_1.1.100.202309141235/tools/bin/../lib/gcc/arm-none-eabi/11.3.1/thumb/v7e-m/nofp/crtbegin.o
 .ARM.attributes
                0x000000000000004c       0x2e ./Src/main.o
 .ARM.attributes
                0x000000000000007a       0x2e ./Src/stm32f407xx_gpio_drvier.o
 .ARM.attributes
                0x00000000000000a8       0x2e ./Src/stm32f407xx_rcc_driver.o
 .ARM.attributes
                0x00000000000000d6       0x2e ./Src/stm32f407xx_usart_driver.o
 .ARM.attributes
                0x0000000000000104       0x21 ./Startup/startup_stm32f407vgtx.o
 .ARM.attributes
                0x0000000000000125       0x2e C:/ST/STM32CubeIDE_1.14.1/STM32CubeIDE/plugins/com.st.stm32cube.ide.mcu.externaltools.gnu-tools-for-stm32.11.3.rel1.win32_1.1.100.202309141235/tools/bin/../lib/gcc/arm-none-eabi/11.3.1/../../../../arm-none-eabi/lib/thumb/v7e-m/nofp\libc_nano.a(libc_a-memset.o)
 .ARM.attributes
                0x0000000000000153       0x2e C:/ST/STM32CubeIDE_1.14.1/STM32CubeIDE/plugins/com.st.stm32cube.ide.mcu.externaltools.gnu-tools-for-stm32.11.3.rel1.win32_1.1.100.202309141235/tools/bin/../lib/gcc/arm-none-eabi/11.3.1/../../../../arm-none-eabi/lib/thumb/v7e-m/nofp\libc_nano.a(libc_a-init.o)
 .ARM.attributes
                0x0000000000000181       0x1e C:/ST/STM32CubeIDE_1.14.1/STM32CubeIDE/plugins/com.st.stm32cube.ide.mcu.externaltools.gnu-tools-for-stm32.11.3.rel1.win32_1.1.100.202309141235/tools/bin/../lib/gcc/arm-none-eabi/11.3.1/thumb/v7e-m/nofp/crtn.o
OUTPUT(bluetooth.elf elf32-littlearm)
LOAD linker stubs
LOAD C:/ST/STM32CubeIDE_1.14.1/STM32CubeIDE/plugins/com.st.stm32cube.ide.mcu.externaltools.gnu-tools-for-stm32.11.3.rel1.win32_1.1.100.202309141235/tools/bin/../lib/gcc/arm-none-eabi/11.3.1/../../../../arm-none-eabi/lib/thumb/v7e-m/nofp\libc.a
LOAD C:/ST/STM32CubeIDE_1.14.1/STM32CubeIDE/plugins/com.st.stm32cube.ide.mcu.externaltools.gnu-tools-for-stm32.11.3.rel1.win32_1.1.100.202309141235/tools/bin/../lib/gcc/arm-none-eabi/11.3.1/../../../../arm-none-eabi/lib/thumb/v7e-m/nofp\libm.a
LOAD C:/ST/STM32CubeIDE_1.14.1/STM32CubeIDE/plugins/com.st.stm32cube.ide.mcu.externaltools.gnu-tools-for-stm32.11.3.rel1.win32_1.1.100.202309141235/tools/bin/../lib/gcc/arm-none-eabi/11.3.1/thumb/v7e-m/nofp\libgcc.a

.comment        0x0000000000000000       0x43
 .comment       0x0000000000000000       0x43 C:/ST/STM32CubeIDE_1.14.1/STM32CubeIDE/plugins/com.st.stm32cube.ide.mcu.externaltools.gnu-tools-for-stm32.11.3.rel1.win32_1.1.100.202309141235/tools/bin/../lib/gcc/arm-none-eabi/11.3.1/thumb/v7e-m/nofp/crtbegin.o
                                         0x44 (size before relaxing)
 .comment       0x0000000000000043       0x44 ./Src/main.o
 .comment       0x0000000000000043       0x44 ./Src/stm32f407xx_gpio_drvier.o
 .comment       0x0000000000000043       0x44 ./Src/stm32f407xx_rcc_driver.o
 .comment       0x0000000000000043       0x44 ./Src/stm32f407xx_usart_driver.o

.debug_info     0x0000000000000000     0x1897
 .debug_info    0x0000000000000000      0x548 ./Src/main.o
 .debug_info    0x0000000000000548      0x77c ./Src/stm32f407xx_gpio_drvier.o
 .debug_info    0x0000000000000cc4      0x393 ./Src/stm32f407xx_rcc_driver.o
 .debug_info    0x0000000000001057      0x81d ./Src/stm32f407xx_usart_driver.o
 .debug_info    0x0000000000001874       0x23 ./Startup/startup_stm32f407vgtx.o

.debug_abbrev   0x0000000000000000      0x627
 .debug_abbrev  0x0000000000000000      0x1c0 ./Src/main.o
 .debug_abbrev  0x00000000000001c0      0x178 ./Src/stm32f407xx_gpio_drvier.o
 .debug_abbrev  0x0000000000000338      0x113 ./Src/stm32f407xx_rcc_driver.o
 .debug_abbrev  0x000000000000044b      0x1ca ./Src/stm32f407xx_usart_driver.o
 .debug_abbrev  0x0000000000000615       0x12 ./Startup/startup_stm32f407vgtx.o

.debug_aranges  0x0000000000000000      0x1a0
 .debug_aranges
                0x0000000000000000       0x50 ./Src/main.o
 .debug_aranges
                0x0000000000000050       0x70 ./Src/stm32f407xx_gpio_drvier.o
 .debug_aranges
                0x00000000000000c0       0x30 ./Src/stm32f407xx_rcc_driver.o
 .debug_aranges
                0x00000000000000f0       0x88 ./Src/stm32f407xx_usart_driver.o
 .debug_aranges
                0x0000000000000178       0x28 ./Startup/startup_stm32f407vgtx.o

.debug_rnglists
                0x0000000000000000      0x12d
 .debug_rnglists
                0x0000000000000000       0x38 ./Src/main.o
 .debug_rnglists
                0x0000000000000038       0x53 ./Src/stm32f407xx_gpio_drvier.o
 .debug_rnglists
                0x000000000000008b       0x21 ./Src/stm32f407xx_rcc_driver.o
 .debug_rnglists
                0x00000000000000ac       0x68 ./Src/stm32f407xx_usart_driver.o
 .debug_rnglists
                0x0000000000000114       0x19 ./Startup/startup_stm32f407vgtx.o

.debug_macro    0x0000000000000000     0x286a
 .debug_macro   0x0000000000000000      0x1ac ./Src/main.o
 .debug_macro   0x00000000000001ac      0xaa8 ./Src/main.o
 .debug_macro   0x0000000000000c54       0x22 ./Src/main.o
 .debug_macro   0x0000000000000c76       0x8e ./Src/main.o
 .debug_macro   0x0000000000000d04       0x51 ./Src/main.o
 .debug_macro   0x0000000000000d55      0x103 ./Src/main.o
 .debug_macro   0x0000000000000e58       0x6a ./Src/main.o
 .debug_macro   0x0000000000000ec2      0x1df ./Src/main.o
 .debug_macro   0x00000000000010a1       0x61 ./Src/main.o
 .debug_macro   0x0000000000001102       0x24 ./Src/main.o
 .debug_macro   0x0000000000001126       0x43 ./Src/main.o
 .debug_macro   0x0000000000001169       0x34 ./Src/main.o
 .debug_macro   0x000000000000119d       0x16 ./Src/main.o
 .debug_macro   0x00000000000011b3       0x97 ./Src/main.o
 .debug_macro   0x000000000000124a      0x369 ./Src/main.o
 .debug_macro   0x00000000000015b3       0xfd ./Src/main.o
 .debug_macro   0x00000000000016b0       0x10 ./Src/main.o
 .debug_macro   0x00000000000016c0       0x16 ./Src/main.o
 .debug_macro   0x00000000000016d6       0x43 ./Src/main.o
 .debug_macro   0x0000000000001719       0x34 ./Src/main.o
 .debug_macro   0x000000000000174d       0x10 ./Src/main.o
 .debug_macro   0x000000000000175d       0x58 ./Src/main.o
 .debug_macro   0x00000000000017b5       0x8e ./Src/main.o
 .debug_macro   0x0000000000001843       0x1c ./Src/main.o
 .debug_macro   0x000000000000185f      0x177 ./Src/main.o
 .debug_macro   0x00000000000019d6       0x16 ./Src/main.o
 .debug_macro   0x00000000000019ec       0x16 ./Src/main.o
 .debug_macro   0x0000000000001a02      0x147 ./Src/main.o
 .debug_macro   0x0000000000001b49       0x16 ./Src/main.o
 .debug_macro   0x0000000000001b5f       0x35 ./Src/main.o
 .debug_macro   0x0000000000001b94       0x20 ./Src/main.o
 .debug_macro   0x0000000000001bb4      0x674 ./Src/main.o
 .debug_macro   0x0000000000002228       0xc4 ./Src/main.o
 .debug_macro   0x00000000000022ec      0x106 ./Src/main.o
 .debug_macro   0x00000000000023f2       0xae ./Src/stm32f407xx_gpio_drvier.o
 .debug_macro   0x00000000000024a0      0x174 ./Src/stm32f407xx_gpio_drvier.o
 .debug_macro   0x0000000000002614      0x100 ./Src/stm32f407xx_gpio_drvier.o
 .debug_macro   0x0000000000002714       0xa8 ./Src/stm32f407xx_rcc_driver.o
 .debug_macro   0x00000000000027bc       0xae ./Src/stm32f407xx_usart_driver.o

.debug_line     0x0000000000000000     0x218c
 .debug_line    0x0000000000000000      0x744 ./Src/main.o
 .debug_line    0x0000000000000744      0x9a4 ./Src/stm32f407xx_gpio_drvier.o
 .debug_line    0x00000000000010e8      0x56f ./Src/stm32f407xx_rcc_driver.o
 .debug_line    0x0000000000001657      0xaba ./Src/stm32f407xx_usart_driver.o
 .debug_line    0x0000000000002111       0x7b ./Startup/startup_stm32f407vgtx.o

.debug_str      0x0000000000000000     0x9ee9
 .debug_str     0x0000000000000000     0x9a72 ./Src/main.o
                                       0x9c76 (size before relaxing)
 .debug_str     0x0000000000009a72      0x298 ./Src/stm32f407xx_gpio_drvier.o
                                       0x6551 (size before relaxing)
 .debug_str     0x0000000000009d0a       0xb9 ./Src/stm32f407xx_rcc_driver.o
                                       0x6391 (size before relaxing)
 .debug_str     0x0000000000009dc3       0xf7 ./Src/stm32f407xx_usart_driver.o
                                       0x65c6 (size before relaxing)
 .debug_str     0x0000000000009eba       0x2f ./Startup/startup_stm32f407vgtx.o
                                         0x8d (size before relaxing)

.debug_frame    0x0000000000000000      0x5bc
 .debug_frame   0x0000000000000000       0xfc ./Src/main.o
 .debug_frame   0x00000000000000fc      0x1c8 ./Src/stm32f407xx_gpio_drvier.o
 .debug_frame   0x00000000000002c4       0x7c ./Src/stm32f407xx_rcc_driver.o
 .debug_frame   0x0000000000000340      0x230 ./Src/stm32f407xx_usart_driver.o
 .debug_frame   0x0000000000000570       0x20 C:/ST/STM32CubeIDE_1.14.1/STM32CubeIDE/plugins/com.st.stm32cube.ide.mcu.externaltools.gnu-tools-for-stm32.11.3.rel1.win32_1.1.100.202309141235/tools/bin/../lib/gcc/arm-none-eabi/11.3.1/../../../../arm-none-eabi/lib/thumb/v7e-m/nofp\libc_nano.a(libc_a-memset.o)
 .debug_frame   0x0000000000000590       0x2c C:/ST/STM32CubeIDE_1.14.1/STM32CubeIDE/plugins/com.st.stm32cube.ide.mcu.externaltools.gnu-tools-for-stm32.11.3.rel1.win32_1.1.100.202309141235/tools/bin/../lib/gcc/arm-none-eabi/11.3.1/../../../../arm-none-eabi/lib/thumb/v7e-m/nofp\libc_nano.a(libc_a-init.o)

.debug_line_str
                0x0000000000000000       0x81
 .debug_line_str
                0x0000000000000000       0x81 ./Startup/startup_stm32f407vgtx.o
                                         0x99 (size before relaxing)
