22:18:29 **** Incremental Build of configuration Debug for project bluetooth ****
make -j12 all 
arm-none-eabi-gcc "../Src/main.c" -mcpu=cortex-m4 -std=gnu11 -g3 -DDEBUG -DSTM32 -DSTM32F407G_DISC1 -DSTM32F4 -DSTM32F407VGTx -c -I../Inc -O0 -ffunction-sections -fdata-sections -Wall -fstack-usage -fcyclomatic-complexity -MMD -MP -MF"Src/main.d" -MT"Src/main.o" --specs=nano.specs -mfloat-abi=soft -mthumb -o "Src/main.o"
arm-none-eabi-gcc -o "bluetooth.elf" @"objects.list"   -mcpu=cortex-m4 -T"C:\Users\tjdtj\OneDrive\Documents\GitHub\Practice-STM32-UART-Bluetooth\target\bluetooth\STM32F407VGTX_FLASH.ld" --specs=nosys.specs -Wl,-Map="bluetooth.map" -Wl,--gc-sections -static --specs=nano.specs -mfloat-abi=soft -mthumb -Wl,--start-group -lc -lm -Wl,--end-group
Finished building target: bluetooth.elf
 
arm-none-eabi-size  bluetooth.elf 
arm-none-eabi-objdump -h -S bluetooth.elf  > "bluetooth.list"
   text	   data	    bss	    dec	    hex	filename
   4624	     28	   2628	   7280	   1c70	bluetooth.elf
Finished building: default.size.stdout
 
Finished building: bluetooth.list
 

22:18:29 Build Finished. 0 errors, 0 warnings. (took 503ms)

